[2022-12-03T01:46:52.736+0200][gc,heap] Heap region size: 1M
[2022-12-03T01:46:52.769+0200][gc     ] Using G1
[2022-12-03T01:46:52.769+0200][gc,heap,coops] Heap address: 0x00000000c0000000, size: 1024 MB, Compressed Oops mode: 32-bit
[2022-12-03T01:46:52.771+0200][gc,cds       ] Mark closed archive regions in map: [0x00000000fff00000, 0x00000000fff6aff8]
[2022-12-03T01:46:52.771+0200][gc,cds       ] Mark open archive regions in map: [0x00000000ffe00000, 0x00000000ffe47ff8]
[2022-12-03T01:46:54.399+0200][gc,start     ] GC(0) Pause Young (Normal) (G1 Evacuation Pause)
[2022-12-03T01:46:54.402+0200][gc,task      ] GC(0) Using 4 workers of 4 for evacuation
[2022-12-03T01:46:54.428+0200][gc,mmu       ] GC(0) MMU target violated: 21.0ms (20.0ms/21.0ms)
[2022-12-03T01:46:54.428+0200][gc,phases    ] GC(0)   Pre Evacuate Collection Set: 0.1ms
[2022-12-03T01:46:54.428+0200][gc,phases    ] GC(0)   Evacuate Collection Set: 24.0ms
[2022-12-03T01:46:54.428+0200][gc,phases    ] GC(0)   Post Evacuate Collection Set: 0.7ms
[2022-12-03T01:46:54.428+0200][gc,phases    ] GC(0)   Other: 4.2ms
[2022-12-03T01:46:54.428+0200][gc,heap      ] GC(0) Eden regions: 51->0(44)
[2022-12-03T01:46:54.428+0200][gc,heap      ] GC(0) Survivor regions: 0->7(7)
[2022-12-03T01:46:54.428+0200][gc,heap      ] GC(0) Old regions: 2->2
[2022-12-03T01:46:54.428+0200][gc,heap      ] GC(0) Humongous regions: 0->0
[2022-12-03T01:46:54.428+0200][gc,metaspace ] GC(0) Metaspace: 14398K(15104K)->14398K(15104K) NonClass: 12388K(12800K)->12388K(12800K) Class: 2009K(2304K)->2009K(2304K)
[2022-12-03T01:46:54.428+0200][gc           ] GC(0) Pause Young (Normal) (G1 Evacuation Pause) 51M->7M(1024M) 29.210ms
[2022-12-03T01:46:54.429+0200][gc,cpu       ] GC(0) User=0.03s Sys=0.03s Real=0.03s
[2022-12-03T01:46:55.523+0200][gc,start     ] GC(1) Pause Young (Concurrent Start) (Metadata GC Threshold)
[2022-12-03T01:46:55.523+0200][gc,task      ] GC(1) Using 4 workers of 4 for evacuation
[2022-12-03T01:46:55.553+0200][gc,mmu       ] GC(1) MMU target violated: 21.0ms (20.0ms/21.0ms)
[2022-12-03T01:46:55.553+0200][gc,phases    ] GC(1)   Pre Evacuate Collection Set: 0.1ms
[2022-12-03T01:46:55.553+0200][gc,phases    ] GC(1)   Evacuate Collection Set: 28.0ms
[2022-12-03T01:46:55.553+0200][gc,phases    ] GC(1)   Post Evacuate Collection Set: 1.0ms
[2022-12-03T01:46:55.553+0200][gc,phases    ] GC(1)   Other: 1.0ms
[2022-12-03T01:46:55.553+0200][gc,heap      ] GC(1) Eden regions: 28->0(49)
[2022-12-03T01:46:55.553+0200][gc,heap      ] GC(1) Survivor regions: 7->2(7)
[2022-12-03T01:46:55.553+0200][gc,heap      ] GC(1) Old regions: 2->9
[2022-12-03T01:46:55.553+0200][gc,heap      ] GC(1) Humongous regions: 0->0
[2022-12-03T01:46:55.554+0200][gc,metaspace ] GC(1) Metaspace: 20687K(21248K)->20687K(21248K) NonClass: 17881K(18176K)->17881K(18176K) Class: 2806K(3072K)->2806K(3072K)
[2022-12-03T01:46:55.554+0200][gc           ] GC(1) Pause Young (Concurrent Start) (Metadata GC Threshold) 34M->8M(1024M) 30.348ms
[2022-12-03T01:46:55.554+0200][gc,cpu       ] GC(1) User=0.08s Sys=0.02s Real=0.03s
[2022-12-03T01:46:55.554+0200][gc           ] GC(2) Concurrent Cycle
[2022-12-03T01:46:55.558+0200][gc,marking   ] GC(2) Concurrent Clear Claimed Marks
[2022-12-03T01:46:55.558+0200][gc,marking   ] GC(2) Concurrent Clear Claimed Marks 4.219ms
[2022-12-03T01:46:55.558+0200][gc,marking   ] GC(2) Concurrent Scan Root Regions
[2022-12-03T01:46:55.566+0200][gc,marking   ] GC(2) Concurrent Scan Root Regions 7.618ms
[2022-12-03T01:46:55.566+0200][gc,marking   ] GC(2) Concurrent Mark (2.845s)
[2022-12-03T01:46:55.566+0200][gc,marking   ] GC(2) Concurrent Mark From Roots
[2022-12-03T01:46:55.566+0200][gc,task      ] GC(2) Using 1 workers of 1 for marking
[2022-12-03T01:46:55.584+0200][gc,marking   ] GC(2) Concurrent Mark From Roots 18.713ms
[2022-12-03T01:46:55.585+0200][gc,marking   ] GC(2) Concurrent Preclean
[2022-12-03T01:46:55.589+0200][gc,marking   ] GC(2) Concurrent Preclean 4.744ms
[2022-12-03T01:46:55.589+0200][gc,marking   ] GC(2) Concurrent Mark (2.845s, 2.869s) 23.637ms
[2022-12-03T01:46:55.590+0200][gc,start     ] GC(2) Pause Remark
[2022-12-03T01:46:55.593+0200][gc,stringtable] GC(2) Cleaned string and symbol table, strings: 5190 processed, 0 removed, symbols: 53143 processed, 59 removed
[2022-12-03T01:46:55.594+0200][gc            ] GC(2) Pause Remark 9M->9M(1024M) 4.033ms
[2022-12-03T01:46:55.594+0200][gc,cpu        ] GC(2) User=0.05s Sys=0.00s Real=0.00s
[2022-12-03T01:46:55.594+0200][gc,marking    ] GC(2) Concurrent Rebuild Remembered Sets
[2022-12-03T01:46:55.600+0200][gc,marking    ] GC(2) Concurrent Rebuild Remembered Sets 5.883ms
[2022-12-03T01:46:55.600+0200][gc,start      ] GC(2) Pause Cleanup
[2022-12-03T01:46:55.600+0200][gc            ] GC(2) Pause Cleanup 9M->9M(1024M) 0.352ms
[2022-12-03T01:46:55.600+0200][gc,cpu        ] GC(2) User=0.00s Sys=0.00s Real=0.00s
[2022-12-03T01:46:55.600+0200][gc,marking    ] GC(2) Concurrent Cleanup for Next Mark
[2022-12-03T01:46:55.629+0200][gc,marking    ] GC(2) Concurrent Cleanup for Next Mark 29.120ms
[2022-12-03T01:46:55.646+0200][gc            ] GC(2) Concurrent Cycle 92.460ms
[2022-12-03T01:46:56.890+0200][gc,start      ] GC(3) Pause Young (Concurrent Start) (G1 Evacuation Pause)
[2022-12-03T01:46:56.890+0200][gc,task       ] GC(3) Using 4 workers of 4 for evacuation
[2022-12-03T01:46:56.900+0200][gc,phases     ] GC(3)   Pre Evacuate Collection Set: 0.1ms
[2022-12-03T01:46:56.900+0200][gc,phases     ] GC(3)   Evacuate Collection Set: 8.4ms
[2022-12-03T01:46:56.900+0200][gc,phases     ] GC(3)   Post Evacuate Collection Set: 0.5ms
[2022-12-03T01:46:56.900+0200][gc,phases     ] GC(3)   Other: 0.3ms
[2022-12-03T01:46:56.900+0200][gc,heap       ] GC(3) Eden regions: 49->0(46)
[2022-12-03T01:46:56.900+0200][gc,heap       ] GC(3) Survivor regions: 2->5(7)
[2022-12-03T01:46:56.900+0200][gc,heap       ] GC(3) Old regions: 9->9
[2022-12-03T01:46:56.900+0200][gc,heap       ] GC(3) Humongous regions: 129->129
[2022-12-03T01:46:56.900+0200][gc,metaspace  ] GC(3) Metaspace: 28977K(30076K)->28977K(30076K) NonClass: 25266K(25856K)->25266K(25856K) Class: 3710K(4220K)->3710K(4220K)
[2022-12-03T01:46:56.900+0200][gc            ] GC(3) Pause Young (Concurrent Start) (G1 Evacuation Pause) 186M->140M(1024M) 9.421ms
[2022-12-03T01:46:56.900+0200][gc,cpu        ] GC(3) User=0.00s Sys=0.00s Real=0.01s
[2022-12-03T01:46:56.900+0200][gc            ] GC(4) Concurrent Cycle
[2022-12-03T01:46:56.900+0200][gc,marking    ] GC(4) Concurrent Clear Claimed Marks
[2022-12-03T01:46:56.900+0200][gc,marking    ] GC(4) Concurrent Clear Claimed Marks 0.108ms
[2022-12-03T01:46:56.900+0200][gc,marking    ] GC(4) Concurrent Scan Root Regions
[2022-12-03T01:46:56.905+0200][gc,marking    ] GC(4) Concurrent Scan Root Regions 5.389ms
[2022-12-03T01:46:56.906+0200][gc,marking    ] GC(4) Concurrent Mark (4.185s)
[2022-12-03T01:46:56.906+0200][gc,marking    ] GC(4) Concurrent Mark From Roots
[2022-12-03T01:46:56.906+0200][gc,task       ] GC(4) Using 1 workers of 1 for marking
[2022-12-03T01:46:56.924+0200][gc,marking    ] GC(4) Concurrent Mark From Roots 18.797ms
[2022-12-03T01:46:56.924+0200][gc,marking    ] GC(4) Concurrent Preclean
[2022-12-03T01:46:56.925+0200][gc,marking    ] GC(4) Concurrent Preclean 0.251ms
[2022-12-03T01:46:56.925+0200][gc,marking    ] GC(4) Concurrent Mark (4.185s, 4.204s) 19.194ms
[2022-12-03T01:46:56.925+0200][gc,start      ] GC(4) Pause Remark
[2022-12-03T01:46:56.929+0200][gc,stringtable] GC(4) Cleaned string and symbol table, strings: 8201 processed, 13 removed, symbols: 67583 processed, 13 removed
[2022-12-03T01:46:56.929+0200][gc            ] GC(4) Pause Remark 141M->141M(1024M) 4.111ms
[2022-12-03T01:46:56.929+0200][gc,cpu        ] GC(4) User=0.00s Sys=0.00s Real=0.00s
[2022-12-03T01:46:56.929+0200][gc,marking    ] GC(4) Concurrent Rebuild Remembered Sets
[2022-12-03T01:46:56.940+0200][gc,marking    ] GC(4) Concurrent Rebuild Remembered Sets 11.027ms
[2022-12-03T01:46:56.941+0200][gc,start      ] GC(4) Pause Cleanup
[2022-12-03T01:46:56.941+0200][gc            ] GC(4) Pause Cleanup 142M->142M(1024M) 0.287ms
[2022-12-03T01:46:56.941+0200][gc,cpu        ] GC(4) User=0.00s Sys=0.00s Real=0.00s
[2022-12-03T01:46:56.941+0200][gc,marking    ] GC(4) Concurrent Cleanup for Next Mark
[2022-12-03T01:46:56.976+0200][gc,marking    ] GC(4) Concurrent Cleanup for Next Mark 34.506ms
[2022-12-03T01:46:56.976+0200][gc            ] GC(4) Concurrent Cycle 76.220ms
[2022-12-03T01:46:58.985+0200][gc,start      ] GC(5) Pause Young (Normal) (G1 Evacuation Pause)
[2022-12-03T01:46:58.985+0200][gc,task       ] GC(5) Using 4 workers of 4 for evacuation
[2022-12-03T01:46:58.998+0200][gc,phases     ] GC(5)   Pre Evacuate Collection Set: 0.0ms
[2022-12-03T01:46:58.998+0200][gc,phases     ] GC(5)   Evacuate Collection Set: 12.0ms
[2022-12-03T01:46:58.998+0200][gc,phases     ] GC(5)   Post Evacuate Collection Set: 0.6ms
[2022-12-03T01:46:58.998+0200][gc,phases     ] GC(5)   Other: 0.3ms
[2022-12-03T01:46:58.998+0200][gc,heap       ] GC(5) Eden regions: 46->0(45)
[2022-12-03T01:46:58.998+0200][gc,heap       ] GC(5) Survivor regions: 5->6(7)
[2022-12-03T01:46:58.998+0200][gc,heap       ] GC(5) Old regions: 9->10
[2022-12-03T01:46:58.998+0200][gc,heap       ] GC(5) Humongous regions: 129->129
[2022-12-03T01:46:58.998+0200][gc,metaspace  ] GC(5) Metaspace: 37719K(39676K)->37719K(39676K) NonClass: 32690K(33792K)->32690K(33792K) Class: 5029K(5884K)->5029K(5884K)
[2022-12-03T01:46:58.998+0200][gc            ] GC(5) Pause Young (Normal) (G1 Evacuation Pause) 186M->142M(1024M) 13.138ms
[2022-12-03T01:46:58.998+0200][gc,cpu        ] GC(5) User=0.00s Sys=0.00s Real=0.01s
[2022-12-03T02:01:04.306+0200][gc,start      ] GC(6) Pause Young (Normal) (G1 Evacuation Pause)
[2022-12-03T02:01:04.306+0200][gc,task       ] GC(6) Using 4 workers of 4 for evacuation
[2022-12-03T02:01:04.338+0200][gc,mmu        ] GC(6) MMU target violated: 21.0ms (20.0ms/21.0ms)
[2022-12-03T02:01:04.338+0200][gc,phases     ] GC(6)   Pre Evacuate Collection Set: 0.4ms
[2022-12-03T02:01:04.338+0200][gc,phases     ] GC(6)   Evacuate Collection Set: 29.2ms
[2022-12-03T02:01:04.338+0200][gc,phases     ] GC(6)   Post Evacuate Collection Set: 2.0ms
[2022-12-03T02:01:04.339+0200][gc,phases     ] GC(6)   Other: 0.7ms
[2022-12-03T02:01:04.339+0200][gc,heap       ] GC(6) Eden regions: 45->0(45)
[2022-12-03T02:01:04.339+0200][gc,heap       ] GC(6) Survivor regions: 6->6(7)
[2022-12-03T02:01:04.339+0200][gc,heap       ] GC(6) Old regions: 10->13
[2022-12-03T02:01:04.339+0200][gc,heap       ] GC(6) Humongous regions: 129->129
[2022-12-03T02:01:04.339+0200][gc,metaspace  ] GC(6) Metaspace: 42123K(44796K)->42123K(44796K) NonClass: 36464K(37888K)->36464K(37888K) Class: 5659K(6908K)->5659K(6908K)
[2022-12-03T02:01:04.339+0200][gc            ] GC(6) Pause Young (Normal) (G1 Evacuation Pause) 187M->145M(1024M) 32.461ms
[2022-12-03T02:01:04.339+0200][gc,cpu        ] GC(6) User=0.06s Sys=0.02s Real=0.03s
[2022-12-03T06:34:09.661+0200][gc,start      ] GC(7) Pause Young (Normal) (G1 Evacuation Pause)
[2022-12-03T06:34:11.823+0200][gc,task       ] GC(7) Using 4 workers of 4 for evacuation
[2022-12-03T06:34:11.844+0200][gc,mmu        ] GC(7) MMU target violated: 21.0ms (20.0ms/21.0ms)
[2022-12-03T06:34:11.844+0200][gc,phases     ] GC(7)   Pre Evacuate Collection Set: 0.4ms
[2022-12-03T06:34:11.844+0200][gc,phases     ] GC(7)   Evacuate Collection Set: 19.3ms
[2022-12-03T06:34:11.844+0200][gc,phases     ] GC(7)   Post Evacuate Collection Set: 0.8ms
[2022-12-03T06:34:11.844+0200][gc,phases     ] GC(7)   Other: 2162.9ms
[2022-12-03T06:34:11.844+0200][gc,heap       ] GC(7) Eden regions: 45->0(48)
[2022-12-03T06:34:11.844+0200][gc,heap       ] GC(7) Survivor regions: 6->3(7)
[2022-12-03T06:34:11.844+0200][gc,heap       ] GC(7) Old regions: 13->15
[2022-12-03T06:34:11.844+0200][gc,heap       ] GC(7) Humongous regions: 129->129
[2022-12-03T06:34:11.844+0200][gc,metaspace  ] GC(7) Metaspace: 42768K(45308K)->42768K(45308K) NonClass: 37044K(38400K)->37044K(38400K) Class: 5723K(6908K)->5723K(6908K)
[2022-12-03T06:34:11.844+0200][gc            ] GC(7) Pause Young (Normal) (G1 Evacuation Pause) 190M->145M(1024M) 2183.580ms
[2022-12-03T06:34:11.844+0200][gc,cpu        ] GC(7) User=0.03s Sys=0.02s Real=2.19s
[2022-12-03T06:37:23.999+0200][gc,start      ] GC(8) Pause Young (Normal) (G1 Evacuation Pause)
[2022-12-03T06:37:24.000+0200][gc,task       ] GC(8) Using 4 workers of 4 for evacuation
[2022-12-03T06:37:24.017+0200][gc,phases     ] GC(8)   Pre Evacuate Collection Set: 0.9ms
[2022-12-03T06:37:24.017+0200][gc,phases     ] GC(8)   Evacuate Collection Set: 13.4ms
[2022-12-03T06:37:24.017+0200][gc,phases     ] GC(8)   Post Evacuate Collection Set: 1.4ms
[2022-12-03T06:37:24.017+0200][gc,phases     ] GC(8)   Other: 2.9ms
[2022-12-03T06:37:24.017+0200][gc,heap       ] GC(8) Eden regions: 48->0(48)
[2022-12-03T06:37:24.017+0200][gc,heap       ] GC(8) Survivor regions: 3->3(7)
[2022-12-03T06:37:24.017+0200][gc,heap       ] GC(8) Old regions: 15->15
[2022-12-03T06:37:24.017+0200][gc,heap       ] GC(8) Humongous regions: 129->129
[2022-12-03T06:37:24.017+0200][gc,metaspace  ] GC(8) Metaspace: 42900K(45564K)->42900K(45564K) NonClass: 37176K(38656K)->37176K(38656K) Class: 5723K(6908K)->5723K(6908K)
[2022-12-03T06:37:24.018+0200][gc            ] GC(8) Pause Young (Normal) (G1 Evacuation Pause) 193M->145M(1024M) 18.970ms
[2022-12-03T06:37:24.018+0200][gc,cpu        ] GC(8) User=0.05s Sys=0.00s Real=0.02s
[2022-12-03T06:39:49.085+0200][gc,start      ] GC(9) Pause Young (Normal) (G1 Evacuation Pause)
[2022-12-03T06:39:49.085+0200][gc,task       ] GC(9) Using 4 workers of 4 for evacuation
[2022-12-03T06:39:49.092+0200][gc,phases     ] GC(9)   Pre Evacuate Collection Set: 0.3ms
[2022-12-03T06:39:49.092+0200][gc,phases     ] GC(9)   Evacuate Collection Set: 5.1ms
[2022-12-03T06:39:49.092+0200][gc,phases     ] GC(9)   Post Evacuate Collection Set: 0.8ms
[2022-12-03T06:39:49.092+0200][gc,phases     ] GC(9)   Other: 0.4ms
[2022-12-03T06:39:49.092+0200][gc,heap       ] GC(9) Eden regions: 48->0(48)
[2022-12-03T06:39:49.092+0200][gc,heap       ] GC(9) Survivor regions: 3->3(7)
[2022-12-03T06:39:49.092+0200][gc,heap       ] GC(9) Old regions: 15->15
[2022-12-03T06:39:49.092+0200][gc,heap       ] GC(9) Humongous regions: 129->129
[2022-12-03T06:39:49.092+0200][gc,metaspace  ] GC(9) Metaspace: 42914K(45564K)->42914K(45564K) NonClass: 37190K(38656K)->37190K(38656K) Class: 5723K(6908K)->5723K(6908K)
[2022-12-03T06:39:49.092+0200][gc            ] GC(9) Pause Young (Normal) (G1 Evacuation Pause) 193M->145M(1024M) 6.678ms
[2022-12-03T06:39:49.092+0200][gc,cpu        ] GC(9) User=0.05s Sys=0.00s Real=0.00s
[2022-12-03T07:38:21.485+0200][gc,start      ] GC(10) Pause Young (Normal) (G1 Evacuation Pause)
[2022-12-03T07:38:21.486+0200][gc,task       ] GC(10) Using 4 workers of 4 for evacuation
[2022-12-03T07:38:21.505+0200][gc,phases     ] GC(10)   Pre Evacuate Collection Set: 0.7ms
[2022-12-03T07:38:21.505+0200][gc,phases     ] GC(10)   Evacuate Collection Set: 15.8ms
[2022-12-03T07:38:21.505+0200][gc,phases     ] GC(10)   Post Evacuate Collection Set: 1.9ms
[2022-12-03T07:38:21.505+0200][gc,phases     ] GC(10)   Other: 1.4ms
[2022-12-03T07:38:21.505+0200][gc,heap       ] GC(10) Eden regions: 48->0(48)
[2022-12-03T07:38:21.505+0200][gc,heap       ] GC(10) Survivor regions: 3->3(7)
[2022-12-03T07:38:21.505+0200][gc,heap       ] GC(10) Old regions: 15->15
[2022-12-03T07:38:21.505+0200][gc,heap       ] GC(10) Humongous regions: 129->129
[2022-12-03T07:38:21.506+0200][gc,metaspace  ] GC(10) Metaspace: 43079K(45564K)->43079K(45564K) NonClass: 37355K(38656K)->37355K(38656K) Class: 5723K(6908K)->5723K(6908K)
[2022-12-03T07:38:21.506+0200][gc            ] GC(10) Pause Young (Normal) (G1 Evacuation Pause) 193M->145M(1024M) 20.367ms
[2022-12-03T07:38:21.506+0200][gc,cpu        ] GC(10) User=0.06s Sys=0.00s Real=0.02s
[2022-12-03T09:45:27.769+0200][gc,start      ] GC(11) Pause Young (Normal) (G1 Evacuation Pause)
[2022-12-03T09:45:27.769+0200][gc,task       ] GC(11) Using 4 workers of 4 for evacuation
[2022-12-03T09:45:27.775+0200][gc,phases     ] GC(11)   Pre Evacuate Collection Set: 0.2ms
[2022-12-03T09:45:27.775+0200][gc,phases     ] GC(11)   Evacuate Collection Set: 5.3ms
[2022-12-03T09:45:27.775+0200][gc,phases     ] GC(11)   Post Evacuate Collection Set: 0.7ms
[2022-12-03T09:45:27.775+0200][gc,phases     ] GC(11)   Other: 0.3ms
[2022-12-03T09:45:27.775+0200][gc,heap       ] GC(11) Eden regions: 48->0(48)
[2022-12-03T09:45:27.775+0200][gc,heap       ] GC(11) Survivor regions: 3->3(7)
[2022-12-03T09:45:27.775+0200][gc,heap       ] GC(11) Old regions: 15->15
[2022-12-03T09:45:27.776+0200][gc,heap       ] GC(11) Humongous regions: 129->129
[2022-12-03T09:45:27.776+0200][gc,metaspace  ] GC(11) Metaspace: 43155K(45564K)->43155K(45564K) NonClass: 37431K(38656K)->37431K(38656K) Class: 5723K(6908K)->5723K(6908K)
[2022-12-03T09:45:27.776+0200][gc            ] GC(11) Pause Young (Normal) (G1 Evacuation Pause) 193M->145M(1024M) 6.768ms
[2022-12-03T09:45:27.776+0200][gc,cpu        ] GC(11) User=0.00s Sys=0.00s Real=0.01s
[2022-12-03T10:09:23.258+0200][gc,start      ] GC(12) Pause Young (Normal) (G1 Evacuation Pause)
[2022-12-03T10:09:23.258+0200][gc,task       ] GC(12) Using 4 workers of 4 for evacuation
[2022-12-03T10:09:23.279+0200][gc,mmu        ] GC(12) MMU target violated: 20.5ms (20.0ms/21.0ms)
[2022-12-03T10:09:23.279+0200][gc,phases     ] GC(12)   Pre Evacuate Collection Set: 0.7ms
[2022-12-03T10:09:23.279+0200][gc,phases     ] GC(12)   Evacuate Collection Set: 17.9ms
[2022-12-03T10:09:23.279+0200][gc,phases     ] GC(12)   Post Evacuate Collection Set: 1.7ms
[2022-12-03T10:09:23.279+0200][gc,phases     ] GC(12)   Other: 1.0ms
[2022-12-03T10:09:23.280+0200][gc,heap       ] GC(12) Eden regions: 48->0(48)
[2022-12-03T10:09:23.280+0200][gc,heap       ] GC(12) Survivor regions: 3->3(7)
[2022-12-03T10:09:23.280+0200][gc,heap       ] GC(12) Old regions: 15->15
[2022-12-03T10:09:23.280+0200][gc,heap       ] GC(12) Humongous regions: 129->129
[2022-12-03T10:09:23.280+0200][gc,metaspace  ] GC(12) Metaspace: 43229K(45820K)->43229K(45820K) NonClass: 37501K(38912K)->37501K(38912K) Class: 5728K(6908K)->5728K(6908K)
[2022-12-03T10:09:23.280+0200][gc            ] GC(12) Pause Young (Normal) (G1 Evacuation Pause) 193M->145M(1024M) 21.921ms
[2022-12-03T10:09:23.280+0200][gc,cpu        ] GC(12) User=0.06s Sys=0.00s Real=0.02s
[2022-12-03T10:28:58.271+0200][gc,start      ] GC(13) Pause Young (Normal) (G1 Evacuation Pause)
[2022-12-03T10:28:58.271+0200][gc,task       ] GC(13) Using 4 workers of 4 for evacuation
[2022-12-03T10:28:58.298+0200][gc,mmu        ] GC(13) MMU target violated: 21.0ms (20.0ms/21.0ms)
[2022-12-03T10:28:58.298+0200][gc,phases     ] GC(13)   Pre Evacuate Collection Set: 0.8ms
[2022-12-03T10:28:58.298+0200][gc,phases     ] GC(13)   Evacuate Collection Set: 23.1ms
[2022-12-03T10:28:58.298+0200][gc,phases     ] GC(13)   Post Evacuate Collection Set: 2.3ms
[2022-12-03T10:28:58.298+0200][gc,phases     ] GC(13)   Other: 1.1ms
[2022-12-03T10:28:58.298+0200][gc,heap       ] GC(13) Eden regions: 48->0(48)
[2022-12-03T10:28:58.298+0200][gc,heap       ] GC(13) Survivor regions: 3->3(7)
[2022-12-03T10:28:58.298+0200][gc,heap       ] GC(13) Old regions: 15->15
[2022-12-03T10:28:58.298+0200][gc,heap       ] GC(13) Humongous regions: 129->129
[2022-12-03T10:28:58.298+0200][gc,metaspace  ] GC(13) Metaspace: 43262K(45820K)->43262K(45820K) NonClass: 37534K(38912K)->37534K(38912K) Class: 5728K(6908K)->5728K(6908K)
[2022-12-03T10:28:58.298+0200][gc            ] GC(13) Pause Young (Normal) (G1 Evacuation Pause) 193M->145M(1024M) 27.595ms
[2022-12-03T10:28:58.299+0200][gc,cpu        ] GC(13) User=0.04s Sys=0.00s Real=0.03s
[2022-12-03T10:40:41.352+0200][gc,start      ] GC(14) Pause Young (Normal) (G1 Evacuation Pause)
[2022-12-03T10:40:41.352+0200][gc,task       ] GC(14) Using 4 workers of 4 for evacuation
[2022-12-03T10:40:41.377+0200][gc,mmu        ] GC(14) MMU target violated: 21.0ms (20.0ms/21.0ms)
[2022-12-03T10:40:41.377+0200][gc,phases     ] GC(14)   Pre Evacuate Collection Set: 0.5ms
[2022-12-03T10:40:41.377+0200][gc,phases     ] GC(14)   Evacuate Collection Set: 22.7ms
[2022-12-03T10:40:41.377+0200][gc,phases     ] GC(14)   Post Evacuate Collection Set: 1.7ms
[2022-12-03T10:40:41.377+0200][gc,phases     ] GC(14)   Other: 1.0ms
[2022-12-03T10:40:41.378+0200][gc,heap       ] GC(14) Eden regions: 48->0(47)
[2022-12-03T10:40:41.378+0200][gc,heap       ] GC(14) Survivor regions: 3->5(7)
[2022-12-03T10:40:41.378+0200][gc,heap       ] GC(14) Old regions: 15->15
[2022-12-03T10:40:41.378+0200][gc,heap       ] GC(14) Humongous regions: 129->129
[2022-12-03T10:40:41.378+0200][gc,metaspace  ] GC(14) Metaspace: 43314K(45820K)->43314K(45820K) NonClass: 37584K(38912K)->37584K(38912K) Class: 5729K(6908K)->5729K(6908K)
[2022-12-03T10:40:41.378+0200][gc            ] GC(14) Pause Young (Normal) (G1 Evacuation Pause) 193M->147M(1024M) 26.702ms
[2022-12-03T10:40:41.378+0200][gc,cpu        ] GC(14) User=0.04s Sys=0.00s Real=0.03s
[2022-12-03T10:51:16.090+0200][gc,start      ] GC(15) Pause Young (Normal) (G1 Evacuation Pause)
[2022-12-03T10:51:16.090+0200][gc,task       ] GC(15) Using 4 workers of 4 for evacuation
[2022-12-03T10:51:16.100+0200][gc,phases     ] GC(15)   Pre Evacuate Collection Set: 0.3ms
[2022-12-03T10:51:16.100+0200][gc,phases     ] GC(15)   Evacuate Collection Set: 9.1ms
[2022-12-03T10:51:16.100+0200][gc,phases     ] GC(15)   Post Evacuate Collection Set: 0.8ms
[2022-12-03T10:51:16.100+0200][gc,phases     ] GC(15)   Other: 0.4ms
[2022-12-03T10:51:16.100+0200][gc,heap       ] GC(15) Eden regions: 47->0(51)
[2022-12-03T10:51:16.100+0200][gc,heap       ] GC(15) Survivor regions: 5->4(7)
[2022-12-03T10:51:16.100+0200][gc,heap       ] GC(15) Old regions: 15->16
[2022-12-03T10:51:16.101+0200][gc,heap       ] GC(15) Humongous regions: 129->129
[2022-12-03T10:51:16.101+0200][gc,metaspace  ] GC(15) Metaspace: 43338K(45820K)->43338K(45820K) NonClass: 37608K(38912K)->37608K(38912K) Class: 5729K(6908K)->5729K(6908K)
[2022-12-03T10:51:16.101+0200][gc            ] GC(15) Pause Young (Normal) (G1 Evacuation Pause) 194M->146M(1024M) 10.761ms
[2022-12-03T10:51:16.101+0200][gc,cpu        ] GC(15) User=0.00s Sys=0.00s Real=0.01s
