[2022-12-03T01:46:10.123+0200][gc,heap] Heap region size: 1M
[2022-12-03T01:46:10.158+0200][gc     ] Using G1
[2022-12-03T01:46:10.158+0200][gc,heap,coops] Heap address: 0x00000000c0000000, size: 1024 MB, Compressed Oops mode: 32-bit
[2022-12-03T01:46:10.159+0200][gc,cds       ] Mark closed archive regions in map: [0x00000000fff00000, 0x00000000fff6aff8]
[2022-12-03T01:46:10.160+0200][gc,cds       ] Mark open archive regions in map: [0x00000000ffe00000, 0x00000000ffe47ff8]
[2022-12-03T01:46:11.815+0200][gc,start     ] GC(0) Pause Young (Normal) (G1 Evacuation Pause)
[2022-12-03T01:46:11.817+0200][gc,task      ] GC(0) Using 4 workers of 4 for evacuation
[2022-12-03T01:46:11.840+0200][gc,mmu       ] GC(0) MMU target violated: 21.0ms (20.0ms/21.0ms)
[2022-12-03T01:46:11.840+0200][gc,phases    ] GC(0)   Pre Evacuate Collection Set: 0.0ms
[2022-12-03T01:46:11.840+0200][gc,phases    ] GC(0)   Evacuate Collection Set: 21.6ms
[2022-12-03T01:46:11.840+0200][gc,phases    ] GC(0)   Post Evacuate Collection Set: 0.6ms
[2022-12-03T01:46:11.840+0200][gc,phases    ] GC(0)   Other: 2.8ms
[2022-12-03T01:46:11.840+0200][gc,heap      ] GC(0) Eden regions: 51->0(44)
[2022-12-03T01:46:11.840+0200][gc,heap      ] GC(0) Survivor regions: 0->7(7)
[2022-12-03T01:46:11.840+0200][gc,heap      ] GC(0) Old regions: 2->2
[2022-12-03T01:46:11.840+0200][gc,heap      ] GC(0) Humongous regions: 0->0
[2022-12-03T01:46:11.840+0200][gc,metaspace ] GC(0) Metaspace: 14262K(14720K)->14262K(14720K) NonClass: 12271K(12544K)->12271K(12544K) Class: 1991K(2176K)->1991K(2176K)
[2022-12-03T01:46:11.840+0200][gc           ] GC(0) Pause Young (Normal) (G1 Evacuation Pause) 51M->7M(1024M) 25.133ms
[2022-12-03T01:46:11.840+0200][gc,cpu       ] GC(0) User=0.03s Sys=0.02s Real=0.02s
[2022-12-03T01:46:33.154+0200][gc,heap,exit ] Heap
[2022-12-03T01:46:33.154+0200][gc,heap,exit ]  garbage-first heap   total 1048576K, used 11628K [0x00000000c0000000, 0x0000000100000000)
[2022-12-03T01:46:33.154+0200][gc,heap,exit ]   region size 1024K, 12 young (12288K), 7 survivors (7168K)
[2022-12-03T01:46:33.154+0200][gc,heap,exit ]  Metaspace       used 15129K, capacity 15626K, committed 15744K, reserved 1062912K
[2022-12-03T01:46:33.154+0200][gc,heap,exit ]   class space    used 2104K, capacity 2322K, committed 2432K, reserved 1048576K
