[2022-12-02T21:27:05.898+0200][gc,heap] Heap region size: 1M
[2022-12-02T21:27:05.928+0200][gc     ] Using G1
[2022-12-02T21:27:05.928+0200][gc,heap,coops] Heap address: 0x00000000c0000000, size: 1024 MB, Compressed Oops mode: 32-bit
[2022-12-02T21:27:05.930+0200][gc,cds       ] Mark closed archive regions in map: [0x00000000fff00000, 0x00000000fff6aff8]
[2022-12-02T21:27:05.930+0200][gc,cds       ] Mark open archive regions in map: [0x00000000ffe00000, 0x00000000ffe47ff8]
[2022-12-02T21:27:07.889+0200][gc,start     ] GC(0) Pause Young (Normal) (G1 Evacuation Pause)
[2022-12-02T21:27:07.890+0200][gc,task      ] GC(0) Using 4 workers of 4 for evacuation
[2022-12-02T21:27:07.918+0200][gc,mmu       ] GC(0) MMU target violated: 21.0ms (20.0ms/21.0ms)
[2022-12-02T21:27:07.918+0200][gc,phases    ] GC(0)   Pre Evacuate Collection Set: 0.0ms
[2022-12-02T21:27:07.918+0200][gc,phases    ] GC(0)   Evacuate Collection Set: 25.9ms
[2022-12-02T21:27:07.918+0200][gc,phases    ] GC(0)   Post Evacuate Collection Set: 0.7ms
[2022-12-02T21:27:07.918+0200][gc,phases    ] GC(0)   Other: 2.1ms
[2022-12-02T21:27:07.918+0200][gc,heap      ] GC(0) Eden regions: 51->0(44)
[2022-12-02T21:27:07.918+0200][gc,heap      ] GC(0) Survivor regions: 0->7(7)
[2022-12-02T21:27:07.918+0200][gc,heap      ] GC(0) Old regions: 2->2
[2022-12-02T21:27:07.918+0200][gc,heap      ] GC(0) Humongous regions: 0->0
[2022-12-02T21:27:07.918+0200][gc,metaspace ] GC(0) Metaspace: 14419K(15104K)->14419K(15104K) NonClass: 12409K(12800K)->12409K(12800K) Class: 2009K(2304K)->2009K(2304K)
[2022-12-02T21:27:07.918+0200][gc           ] GC(0) Pause Young (Normal) (G1 Evacuation Pause) 51M->7M(1024M) 28.978ms
[2022-12-02T21:27:07.918+0200][gc,cpu       ] GC(0) User=0.00s Sys=0.05s Real=0.03s
[2022-12-02T21:27:29.188+0200][gc,heap,exit ] Heap
[2022-12-02T21:27:29.188+0200][gc,heap,exit ]  garbage-first heap   total 1048576K, used 10452K [0x00000000c0000000, 0x0000000100000000)
[2022-12-02T21:27:29.188+0200][gc,heap,exit ]   region size 1024K, 11 young (11264K), 7 survivors (7168K)
[2022-12-02T21:27:29.188+0200][gc,heap,exit ]  Metaspace       used 15136K, capacity 15630K, committed 15744K, reserved 1062912K
[2022-12-02T21:27:29.188+0200][gc,heap,exit ]   class space    used 2104K, capacity 2322K, committed 2432K, reserved 1048576K
