[2022-12-03T01:44:40.935+0200][gc,heap] Heap region size: 1M
[2022-12-03T01:44:40.967+0200][gc     ] Using G1
[2022-12-03T01:44:40.967+0200][gc,heap,coops] Heap address: 0x00000000c0000000, size: 1024 MB, Compressed Oops mode: 32-bit
[2022-12-03T01:44:40.968+0200][gc,cds       ] Mark closed archive regions in map: [0x00000000fff00000, 0x00000000fff6aff8]
[2022-12-03T01:44:40.968+0200][gc,cds       ] Mark open archive regions in map: [0x00000000ffe00000, 0x00000000ffe47ff8]
[2022-12-03T01:44:42.653+0200][gc,start     ] GC(0) Pause Young (Normal) (G1 Evacuation Pause)
[2022-12-03T01:44:42.654+0200][gc,task      ] GC(0) Using 4 workers of 4 for evacuation
[2022-12-03T01:44:42.685+0200][gc,mmu       ] GC(0) MMU target violated: 21.0ms (20.0ms/21.0ms)
[2022-12-03T01:44:42.685+0200][gc,phases    ] GC(0)   Pre Evacuate Collection Set: 0.1ms
[2022-12-03T01:44:42.685+0200][gc,phases    ] GC(0)   Evacuate Collection Set: 28.4ms
[2022-12-03T01:44:42.685+0200][gc,phases    ] GC(0)   Post Evacuate Collection Set: 1.5ms
[2022-12-03T01:44:42.685+0200][gc,phases    ] GC(0)   Other: 2.3ms
[2022-12-03T01:44:42.685+0200][gc,heap      ] GC(0) Eden regions: 51->0(44)
[2022-12-03T01:44:42.685+0200][gc,heap      ] GC(0) Survivor regions: 0->7(7)
[2022-12-03T01:44:42.685+0200][gc,heap      ] GC(0) Old regions: 2->2
[2022-12-03T01:44:42.685+0200][gc,heap      ] GC(0) Humongous regions: 0->0
[2022-12-03T01:44:42.685+0200][gc,metaspace ] GC(0) Metaspace: 14407K(15104K)->14407K(15104K) NonClass: 12396K(12800K)->12396K(12800K) Class: 2011K(2304K)->2011K(2304K)
[2022-12-03T01:44:42.685+0200][gc           ] GC(0) Pause Young (Normal) (G1 Evacuation Pause) 51M->7M(1024M) 32.562ms
[2022-12-03T01:44:42.686+0200][gc,cpu       ] GC(0) User=0.02s Sys=0.01s Real=0.04s
[2022-12-03T01:45:04.042+0200][gc,heap,exit ] Heap
[2022-12-03T01:45:04.042+0200][gc,heap,exit ]  garbage-first heap   total 1048576K, used 10519K [0x00000000c0000000, 0x0000000100000000)
[2022-12-03T01:45:04.042+0200][gc,heap,exit ]   region size 1024K, 11 young (11264K), 7 survivors (7168K)
[2022-12-03T01:45:04.042+0200][gc,heap,exit ]  Metaspace       used 15129K, capacity 15626K, committed 15744K, reserved 1062912K
[2022-12-03T01:45:04.042+0200][gc,heap,exit ]   class space    used 2105K, capacity 2322K, committed 2432K, reserved 1048576K
