[2022-12-03T01:46:44.352+0200][gc,heap] Heap region size: 1M
[2022-12-03T01:46:44.367+0200][gc     ] Using G1
[2022-12-03T01:46:44.367+0200][gc,heap,coops] Heap address: 0x00000000e0000000, size: 512 MB, Compressed Oops mode: 32-bit
[2022-12-03T01:46:44.368+0200][gc,cds       ] Mark closed archive regions in map: [0x00000000fff00000, 0x00000000fff6aff8]
[2022-12-03T01:46:44.368+0200][gc,cds       ] Mark open archive regions in map: [0x00000000ffe00000, 0x00000000ffe47ff8]
[2022-12-03T01:46:45.511+0200][gc,start     ] GC(0) Pause Young (Normal) (G1 Evacuation Pause)
[2022-12-03T01:46:45.512+0200][gc,task      ] GC(0) Using 4 workers of 4 for evacuation
[2022-12-03T01:46:45.535+0200][gc,mmu       ] GC(0) MMU target violated: 21.0ms (20.0ms/21.0ms)
[2022-12-03T01:46:45.535+0200][gc,phases    ] GC(0)   Pre Evacuate Collection Set: 0.0ms
[2022-12-03T01:46:45.535+0200][gc,phases    ] GC(0)   Evacuate Collection Set: 22.4ms
[2022-12-03T01:46:45.535+0200][gc,phases    ] GC(0)   Post Evacuate Collection Set: 0.4ms
[2022-12-03T01:46:45.535+0200][gc,phases    ] GC(0)   Other: 1.4ms
[2022-12-03T01:46:45.535+0200][gc,heap      ] GC(0) Eden regions: 25->0(21)
[2022-12-03T01:46:45.535+0200][gc,heap      ] GC(0) Survivor regions: 0->4(4)
[2022-12-03T01:46:45.535+0200][gc,heap      ] GC(0) Old regions: 2->5
[2022-12-03T01:46:45.535+0200][gc,heap      ] GC(0) Humongous regions: 0->0
[2022-12-03T01:46:45.535+0200][gc,metaspace ] GC(0) Metaspace: 7378K(7936K)->7378K(7936K) NonClass: 6560K(6912K)->6560K(6912K) Class: 818K(1024K)->818K(1024K)
[2022-12-03T01:46:45.535+0200][gc           ] GC(0) Pause Young (Normal) (G1 Evacuation Pause) 25M->7M(512M) 24.400ms
[2022-12-03T01:46:45.535+0200][gc,cpu       ] GC(0) User=0.08s Sys=0.02s Real=0.03s
[2022-12-03T10:27:07.276+0200][gc,start     ] GC(1) Pause Young (Normal) (G1 Evacuation Pause)
[2022-12-03T10:27:07.356+0200][gc,task      ] GC(1) Using 4 workers of 4 for evacuation
[2022-12-03T10:27:07.391+0200][gc,mmu       ] GC(1) MMU target violated: 21.0ms (20.0ms/21.0ms)
[2022-12-03T10:27:07.391+0200][gc,phases    ] GC(1)   Pre Evacuate Collection Set: 0.4ms
[2022-12-03T10:27:07.391+0200][gc,phases    ] GC(1)   Evacuate Collection Set: 33.5ms
[2022-12-03T10:27:07.391+0200][gc,phases    ] GC(1)   Post Evacuate Collection Set: 0.9ms
[2022-12-03T10:27:07.391+0200][gc,phases    ] GC(1)   Other: 80.1ms
[2022-12-03T10:27:07.391+0200][gc,heap      ] GC(1) Eden regions: 21->0(24)
[2022-12-03T10:27:07.391+0200][gc,heap      ] GC(1) Survivor regions: 4->1(4)
[2022-12-03T10:27:07.391+0200][gc,heap      ] GC(1) Old regions: 5->9
[2022-12-03T10:27:07.391+0200][gc,heap      ] GC(1) Humongous regions: 0->0
[2022-12-03T10:27:07.391+0200][gc,metaspace ] GC(1) Metaspace: 9176K(9600K)->9176K(9600K) NonClass: 8213K(8448K)->8213K(8448K) Class: 963K(1152K)->963K(1152K)
[2022-12-03T10:27:07.391+0200][gc           ] GC(1) Pause Young (Normal) (G1 Evacuation Pause) 28M->8M(512M) 115.068ms
[2022-12-03T10:27:07.392+0200][gc,cpu       ] GC(1) User=0.11s Sys=0.03s Real=0.11s
